[    0.0000]Liuxersion 4.1.054-geric buil@lgw01md4-01 (cc versn 7.4 (Ubuntu7.0-1ubuu1~18.04.1)) #58-Ubuntu SMP Mon Jun 24 10:55:24 UTC 2019 (Ubuntu 4.15.0-54.58-generic 4.15.18)
[    0.000000] Command line: BOOT_IMAGE=/boot/vmlinuz-4.15.0-54-generic root=LABEL=cloudimg-rootfs ro console=tty1 console=ttyS0
[    0.000000] KERNEL supported cpus:
[    0.000000]   Intel GenuineIntel
[    0.000000]   AMD AuthenticAMD
[    0.0000000]   Centaur CentaurHauls
[    0.000000] x86/fpu: Supporting XSAVE feature 0x001: 'x87 floating point registers'
[    0.000000] x86/fpu: Supporting XSAVE feature 0x002: 'SSE registers'
[    0.000000] x86/fpu: Supporting XSAVE feature 0x004: 'AVX registers'
[    0.000000] x86/fpu: xstate_offset[2]:  576, xstate_sizes[2]:  256
[    0.000000] x86/fpu: Enabled xstate features 0x7, context size is 832 bytes, using 'standard' format.
[    0.000000] e820: BIOS-provided physical RAM map:
[    0.000000] BIOS-e820: [mem 0x0000000000000000-0x000000000009fbff] usable
[    0.000000] BIOS-e820: [mem 0x000000000009fc00-0x000000000009ffff] reserved
[    0.000000] BIOS-e820: [mem 0x00000000000f0000-0x00000000000fffff] reserved
[    0.000000] BIOS-e820: [mem 0x0000000000100000-0x000000003ffeffff] usable
[    0.000000] BIOS-e820: [mem 0x000000003fff0000-0x000000003fffffff] ACPI data
[    0.000000] BIOS-e820: [mem 0x00000000fec00000-0x00000000fec00fff] reserved
[    0.000000] BIOS-e820: [mem 0x00000000fee00000-0x00000000fee00fff] reserved
[    0.000000] BIOS-e820: [mem 0x00000000fffc0000-0x00000000ffffffff] reserved
[    0.000000] NX (Execute Disable) protection: active
[    0.000000] SMBIOS 2.5 present.
[    0.000000] DMI: innotek GmbH VirtualBox/VirtualBox, BIOS VirtualBox 12/01/2006
[    0.000000] Hypervisor detected: KVM
[    0.000000] e820: last_pfn = 0x3fff0 max_arch_pfn = 0x400000000
[    0.000000] MTRR: Disabled
[    0.000000] x86/PAT: MTRRs disabled, skipping PAT initialization too.
[    0.000000] CPU MTRRs all blank - virtualized system.
[    0.000000] x86/PAT: Configuratio [-7]: WB  WT UC- UCWB  WT  C-UC  
   0.000] founSM MP-taleat [mem 009fff0-0x0009ff]mapp at [     (pva)]
  0.0000] canning 1reas fr lw emory corruption
[    0.00000 RAMISK: [mem 0x3597f000-0x36cb6fff]
[    0.000000] ACPI: Early table checksum verification disabled
[    0.000000] ACPI: RSDP 0x00000000000E0000 000024 (v02 VBOX  )
[    0.000000] ACPI: XSDT 0x000000003FFF0030 00003C (v01 VBOX   VBOXXSDT 00000001 ASL  00000061)
[    0.000000] ACPI: FACP 0x000000003FFF00F0 0000F4 (v04 VBOX   VBOXFACP 00000001 ASL  00000061)
[    0.000000] ACPI: DSDT 0x000000003FFF0470 0021FF (v02 VBOX   VBOXBIOS 00000002 INTL 20100528)
[    0.000000] ACPI: FACS 0x000000003FFF0200 000040
[    0.000000] ACPI: FACS 0x000000003FFF0200 000040
[    0.000000] ACPI: APIC 0x000000003FFF0240 00005C (v02 VBOX   VBOXAPIC 00000001 ASL  00000061)
[    0.000000] ACPI: SSDT 0x000000003FFF02A0 0001CC (v01 VBOX   VBOXCPUT 00000002 INTL 20100528)
[    0.000000] No NUMA configuration found
[    0.000000] Faking a node at [mem 0x0000000000000000-0x000000003ffeffff]
[    0.000000] NODE_DATA(0) allocated [mem 0x3ffc5000-0x3ffeffff]
[    0.000000] kvm-clock: cpu 0, msr 0:3ff44001, primary cpu clock
[    0.000000] kvm-clock: Using msrs 4b564d01 and 4b564d00
[    0.000000] kvm-clock: using sched offset of 3724317612 cycles
[    0.000000] clocksource: kvm-clock: mask: 0xffffffffffffffff max_cycles: 0x1cd42e4dffb, max_idle_ns: 881590591483 ns
[    0.000000] Zone ranges:
[    0.000000]   DMA      [mem 0x0000000000001000-0x0000000000ffffff]
[    0.000000]   DMA32    [mem 0x0000001000000-x0000000ffff]
[  0.00000]  oral   empty
[  00000]  Device   pty[   0.000] Mable one ta forac nod
   0.000] Eay emornoderanges
[    0.0000000]   node   0: [mem 0x0000000000001000-0x000000000009efff]
[    0.000000]   node   0: [mem 0x0000000000100000-0x000000003ffeffff]
[    0.000000] Reserved but unavailable: 114 pages
[    0.000000] Initmem setup node 0 [mem 0x0000000000001000-0x000000003ffeffff]
[    0.000000] ACPI: PM-Timer IO Port: 0x4008
[    0.000000] IOAPIC[0]: apic_id 2, version 32, address 0xfec00000, GSI 0-23
[    0.000000] ACPI: INT_SRC_OVR (bus 0 bus_irq 0 global_irq 2 dfl dfl)
[    0.000000] ACPI: INT_SRC_OVR (bus 0 bus_irq 9 global_irq 9 low level)
[    0.000000] Using ACPI (MADT) for SMP configuration information
[    0.000000] smpboot: Allowing 2 CPUs, 0 hotplug CPUs
[    0.000000] PM: Registered nosave memory: [mem 0x00000000-0x00000fff]
[    0.000000] PM: Registered nosave memory: [mem 0x0009f000-0x0009ffff]
[    0.000000] PM: Registered nosave memory: [mem 0x000a0000-0x000effff]
[    0.000000] PM: Registered nosave memory: [mem 0x000f0000-0x000fffff]
[    0.000000] e820: [mem 0x40000000-0xfebfffff] available for PCI devices
[    0.000000] Booting paravirtualized kernel on KVM
[    0.000000] clocksource: refined-jiffies: mask: 0xffffffff max_cycles: 0xffffffff, max_idle_ns: 7645519600211568 ns
[    0.000000] random: get_random_bytes called from start_kernel+0x99/0x4fd with crng_init=0
[    0.000000] setup_percpu: NR_CPUS:8192 nr_cpumask_bits:2 nr_cpu_ids:2 nr_node_ids:1
[    0.000000] percpu: Embedded 46 pages/cpu @        (ptrval) s151552 r8192 d28672 u1048576
[    0.000000] PV qspinlock hash table entries: 256 (order: 0, 4096 bytes)
[    0.000000] Built 1 zonelists, mobility grouping on.  Total pages: 257913
[    0.000000] Polic zneDMA32[   0.0000] Keelcommd ine: BOOT_MAGE=/oo/vmlin-4.1.04-geri root=LABEL=cloudimg-rootfsro conletty1coole=ty
[    0.0000] Memor 982904K04120K ailable (12300K kernel code, 2473K rwdata, 4272K rodata, 2408K init, 2416K bss, 65216K reserved, 0K cma-reserved)
[    0.000000] SLUB: HWalign=64, Order=0-3, MinObjects=0, CPUs=2, Nodes=1
[    0.000000] Kernel/User page tables isolation: enabled
[    0.000000] ftrace: allocating 39216 entries in 154 pages
[    0.004000] Hierarchical RCU implementation.
[    0.004000] 	RCU restricting CPUs from NR_CPUS=8192 to nr_cpu_ids=2.
[    0.004000] 	Tasks RCU enabled.
[    0.004000] RCU: Adjusting geometry for rcu_fanout_leaf=16, nr_cpu_ids=2
[    0.004000] NR_IRQS: 524544, nr_irqs: 440, preallocated irqs: 16
[    0.004000] Console: colour VGA+ 80x25
[    0.004000] console [tty1] enabled
[    0.004000] console [ttyS0] enabled
[    0.004000] ACPI: Core revision 20170831
[    0.004000] ACPI: 2 ACPI AML tables successfully acquired and loaded
[    0.004000] APIC: Switch to symmetric I/O mode setup
[    0.004000] x2apic enabled
[    0.004000] Switched APIC rrouting to physical x2apic.
[    0.004749] ..TIMER: vector=0x30 apic1=0 pin1=2 apic2=-1 pin2=-1
[    0.008005] tsc: Detected 2904.000 MHz processor
[    0.012009] Calibrating delay loop (skipped) preset value.. 5808.00 BogoMIPS (lpj=11616000)
[    0.016006] pid_max: default: 32768 minimum: 301
[    0.020032] Security Framework initialized
[    0.024006] Yama: becoming mindful.
[    0.028071] AppArmor: AppArmor initialized
[    0.033135] Dentry cache hash table entries: 131072 (order: 8, 1048576 bytes)
[    0.036057] Inode-cache hash table entries: 65536 (order: 7, 524288 bytes)
[    0.037473] Mount-cache hash table entries: 2048 (order: 2, 16384 bytes)
[    0.038777] Mountpoint-cache hash table entries: 2048 (order: 2, 16384 bytes)
[    0.040173] mce: CPU supports 0 MCE banks
[    0.041159] Last level iTLB entries: 4KB 64, 2MB 8, 4MB 8
[    0.042178] Last level dTLB entries: 4KB 64, 2MB 0, 4MB 0, 1GB 4
[    0.044005] Spectre V2 : Mitigation: Full generic retpoline
[    0.045067] Spectre V2 : Spectre v2 / SpectreRSB mitigation: Filling RSB on context switch
[    0.048001] Speculative Store Bypass: Vulnerable
[    0.048928] MDS: Vulnerable: Clear CPU buffers attempted, no microcode
[    0.050219] Freeing SMP alternatives memory: 36K
[    0.056000] smpboot: CPU0: Intel(R) Core(TM) i9-8950HK CPU @ 2.90GHz (family: 0x6, model: 0x9e, stepping: 0xa)
[    0.056193] Performance Events: unsupported p6 CPU model 158 no PMU driver, software events only.
[    0.060049] Hierarchical SRCU implementation.
[    0.061420] NMI watchdog: Perf event create on CPU 0 failed with -2
[    0.064002] NMI watchdog: Perf NMI watchdog permanently disabled
[    0.065372] smp: Bringing up secondary CPUs ...
[    0.066500] x86: Booting SMP configuration:
[    0.067404] .... node  #0, CPUs:      #1
[    0.004000] kvm-clock: cpu 1, msr 0:3ff44041, secondary cpu clock
[    0.004000] mce: CPU supports 0 MCE banks
[    0.074174] smp: Brought up 1 node, 2 CPUs
[    0.076006] smpboot: Max logical packages: 1
[    0.080006] smpboot: Total of 2 processors activated (11616.00 BogoMIPS)
[    0.084112] devtmpfs: initialized
[    0.088045] x86/mm: Memory block size: 128MB
[    0.092122] evm: security.selinux
[    0.096008] evm: security.SMACK64
[    0.100005] evm: security.SMACK64EXEC
[    0.104003] evm: security.SMACK64TRANSMUTE
[    0.108005] evm: security.SMACK64MMAP
[    0.112003] evm: security.apparmor
[    0.112766] evm: security.ima
[    0.113372] evm: security.capability
[    0.116007] clocksource: jiffies: mask: 0xffffffff max_cycles: 0xffffffff, max_idle_ns: 7645041785100000 ns
[    0.117842] futex hash table entries: 512 (order: 3, 32768 bytes)
[    0.119069] pinctrl core: initialized pinctrl subsystem
[    0.121213] RTC time:  5:30:34, date: 07/15/19
[    0.122217] NET: Registered protocol family 16
[    0.123154] audit: initializing netlink subsys (disabled)
[    0.124021] audit: type=2000 audit(1563168633.773:1): state=initialized audit_enabled=0 res=1
[    0.125679] cpuidle: using governor ladder
[    0.125679] cpuidle: using governor menu
[    0.128028] ACPI: bus type PCI registered
[    0.128856] acpiphp: ACPI Hot Plug PCI Controller Driver version: 0.5
[    0.130170] PCI: Using configuration type 1 for base access
[    0.132199] HugeTLB registered 2.00 MiB page size, pre-allocated 0 pages
[    0.133712] ACPI: Added _OSI(Module Device)
[    0.133712] ACPI: Added _OSI(Processor Device)
[    0.136002] ACPI: Added _OSI(3.0 _SCP Extensions)
[    0.137017] ACPI: Added _OSI(Processor Aggregator Device)
[    0.138046] ACPI: Added _OSI(Linux-Dell-Video)
[    0.138908] ACPI: Added _OSI(Linux-Lenovo-NV-HDMI-Audio)
[    0.140002] ACPI: Added _OSI(Linux-HPI-Hybrid-Graphics)
[    0.141396] ACPI: Executed 1 blocks of module-level executable AML code
[    0.145335] ACPI: Interpreter enabled
[    0.146030] ACPI: (supports S0 S5)
[    0.146691] ACPI: Using IOAPIC for interrupt routing
[    0.147769] PCI: Using host bridge windows from ACPI; if necessary, use "pci=nocrs" and report a bug
[    0.148189] ACPI: Enabled 2 GPEs in block 00 to 07
[    0.159849] ACPI: PCI Root Bridge [PCI0] (domain 0000 [bus 00-ff])
[    0.160014] acpi PNP0A03:00: _OSC: OS supports [ASPM ClockPM Segments MSI]
[    0.164037] acpi PNP0A03:00: _OSC: not requesting OS control; OS requires [ExtendedConfig ASPM ClockPM MSI]
[    0.168020] acpi PNP0A03:00: fail to add MMCONFIG information, can't access extended PCI configuration space under this bridge.
[    0.172400] PCI host bridge to bus 0000:00
[    0.176008] pci_bus 0000:00: root bus resource [io  0x0000-0x0cf7 window]
[    0.180005] pci_bus 0000:00: root bus resource [io  0x0d00-0xffff window]
[    0.181307] pci_bus 0000:00: root bus resource [mem 0x000a0000-0x000bffff window]
[    0.182792] pci_bus 0000:00: root bus resource [mem 0x40000000-0xfdffffff window]
[    0.184003] pci_bus 0000:00: root bus resource [bus 00-ff]
[    0.188964] pci 0000:00:01.1: legacy IDE quirk: reg 0x10: [io  0x01f0-0x01f7]
[    0.190323] pci 0000:00:01.1: legacy IDE quirk: reg 0x14: [io  0x03f6]
[    0.191554] pci 0000:00:01.1: legacy IDE quirk: reg 0x18: [io  0x0170-0x0177]
[    0.192002] pci 0000:00:01.1: legacy IDE quirk: reg 0x1c: [io  0x0376]
[    0.206688] pci 0000:00:07.0: quirk: [io  0x4000-0x403f] claimed by PIIX4 ACPI
[    0.208019] pci 0000:00:07.0: quirk: [io  0x4100-0x410f] claimed by PIIX4 SMB
[    0.216929] ACPI: PCI Interrupt Link [LNKA] (IRQs 5 9 10 *11)
[    0.220279] ACPI: PCI Interrupt Link [LNKB] (IRQs 5 9 *10 11)
[    0.224287] ACPI: PCI Interrupt Link [LNKC] (IRQs 5 *9 10 11)
[    0.228138] ACPI: PCI Interrupt Link [LNKD] (IRQs 5 9 10 *11)
[    0.232330] SCSI subsystem initialized
[    0.236045] pci 0000:00:02.0: vgaarb: setting as boot VGA device
[    0.240000] pci 0000:00:02.0: vgaarb: VGA device added: decodes=io+mem,owns=io+mem,locks=none
[    0.240014] pci 0000:00:02.0: vgaarb: bridge control possible
[    0.244005] vgaarb: loaded
[    0.248042] ACPI: bus type USB registered
[    0.248924] usbcore: registered new interface driver usbfs
[    0.250074] usbcore: registered new interface driver hub
[    0.251170] usbcore: registered new device driver usb
[    0.252051] EDAC MC: Ver: 3.0.0
[    0.252950] PCI: Using ACPI for IRQ routing
[    0.254320] NetLabel: Initializing
[    0.256005] NetLabel:  domain hash size = 128
[    0.257015] NetLabel:  protocols = UNLABELED CIPSOv4 CALIPSO
[    0.258123] NetLabel:  unlabeled traffic allowed by default
[    0.260069] clocksource: Switched to clocksource kvm-clock
[    0.271843] VFS: Disk quotas dquot_6.6.0
[    0.272797] VFS: Dquot-cache hash table entries: 512 (order 0, 4096 bytes)
[    0.274250] AppArmor: AppArmor Filesystem Enabled
[    0.275220] pnp: PnP ACPI init
[    0.277201] pnp: PnP ACPI: found 3 devices
[  0.287255]locksoure:cppmma: ffffaxycs:xfff m_ie_ns: 2085710 ns

[    1.0476]ETRestedroocol family 2
[    1.335928] TCP established hash table entries: 8192 (order: 4, 65536 bytes)
[    1.337651] TCP bind hash table entries: 8192 (order: 5, 131072 bytes)
[    1.339001] TCP: Hash tables configured (established 8192 bind 8192)
[    1.340292] UDP hash table entries: 512 (order: 2, 16384 bytes)
[    1.342004] UDP-Lite hash table entries: 512 (order: 2, 16384 bytes)
[    1.343733] NET: Registered protocol family 1
[    1.344840] pci 0000:00:00.0: Limiting direct PCI/PCI transfers
[    1.346050] pci 0000:00:01.0: Activating ISA DMA hang workarounds
[    1.347341] pci 0000:00:02.0: Video device with shadowed ROM at [mem 0x000c0000-0x000dffff]
[    1.349119] Unpacking initramfs...
[    1.553861] Freeing initrd memory: 19680K
[    1.650740] clocksource: tsc: mask: 0xffffffffffffffff max_cycles: 0x29dc05e54fc, max_idle_ns: 440795291716 ns
[    1.880103] platform rtc_cmos: registered platform RTC device (no PNP device found)
[    2.145889] Scanning for low memory corruption every 60 seconds
[    2.330432] Initialise system trusted keyrings
[    2.392630] Key type blacklist registered
[    2.393705] workingset: timestamp_bits=36 max_order=18 bucket_order=0
[    2.395606] zbud: loaded
[    2.396989] squashfs: version 4.0 (2009/01/31) Phillip Lougher
[    2.398435] fuse init (API version 7.26)
[    2.401726] Key type asymmetric registered
[    2.402547] Asymmetric key parser 'x509' registered
[    2.403510] Block layer SCSI generic (bsg) driver version 0.4 loaded (major 246)
[    2.405158] io scheduler noop registered
[    2.405943] io scheduler deadline registered
[    2.406795] io scheduler cfq registered (default)
[    2.408270] ACPI: AC Adapter [AC] (on-line)
[    2.409142] input: Power Button as /devices/LNXSYSTM:00/LNXPWRBN:00/input/input0
[    2.410671] ACPI: Power Button [PWRF]
[    2.411575] input: Sleep Button as /devices/LNXSYSTM:00/LNXSLPBN:00/input/input1
[    2.413052] ACPI: Sleep Button [SLPF]
[    2.414160] Serial: 8250/16550 driver, 32 ports, IRQ sharing enabled
[    2.415384] ACPI: Battery Slot [BAT0] (battery present)
[    2.441933] 00:02: ttyS0 at I/O 0x3f8 (irq = 4, base_baud = 115200) is a 16550A
[    2.632763] Linux agpgart interface v0.103
[    2.779261] loop: module loaded
[    2.874796] scsi host0: ata_piix
[    2.930116] scsi host1: ata_piix
[    2.988595] ata1: PATA max UDMA/33 cmd 0x1f0 ctl 0x3f6 bmdma 0xd000 irq 14
[    3.161223] ata2: PATA max UDMA/33 cmd 0x170 ctl 0x376 bmdma 0xd008 irq 15
[    3.322208] libphy: Fixed MDIO Bus: probed
[    3.428815] tun: Universal TUN/TAP device driver, 1.6
[    3.465653] PPP generic driver version 2.4.2
[    3.466548] ehci_hcd: USB 2.0 'Enhanced' Host Controller (EHCI) Driver
[    3.467794] ehci-pci: EHCI PCI platform driver
[    3.468886] ehci-platform: EHCI generic platform driver
[    3.470094] ohci_hcd: USB 1.1 'Open' Host Controller (OHCI) Driver
[    3.471376] ohci-pci: OHCI PCI platform driver
[    3.472308] ohci-platform: OHCI generic platform driver
[    3.473316] uhci_hcd: USB Universal Host Controller Interface driver
[    3.474559] i8042: PNP: PS/2 Controller [PNP0303:PS2K,PNP0f03:PS2M] at 0x60,0x64 irq 1,12
[    3.477984] serio: i8042 KBD port at 0x60,0x64 irq 1
[    3.478970] serio: i8042 AUX port at 0x60,0x64 irq 12
[    3.479988] mousedev: PS/2 mouse device common for all mice
[    3.481441] rtc_cmos rtc_cmos: rtc core: registered rtc_cmos as rtc0
[    3.482721] rtc_cmos rtc_cmos: alarms up to one day, 114 bytes nvram
[    3.483934] i2c /dev entries driver
[    3.484916] input: AT Translated Set 2 keyboard as /devices/platform/i8042/serio0/input/input2
[    3.487016] device-mapper: uevent: version 1.0.3
[    3.487960] device-mapper: ioctl: 4.37.0-ioctl (2017-09-20) initialised: dm-devel@redhat.com
[    3.489646] ledtrig-cpu: registered to indicate activity on CPUs
[    3.491504] NET: Registered protocol family 10
[    3.495470] Segment Routing with IPv6
[    3.496275] NET: Registered protocol family 17
[    3.497550] Key type dns_resolver registered
[    3.498840] RAS: Correctable Errors collector initialized.
[    3.499960] sched_clock: Marking stable (3498792405, 0)->(11430965561, -7932173156)
[    3.505955] registered taskstats version 1
[    3.536060] Loading compiled-in X.509 certificates
[    3.657204] Loaded X.509 cert 'Build time autogenerated kernel key: 1cc14bc8298a06d551159822c55fa35abd77a621'
[    3.748905] zswap: loaded using pool lzo/zbud
[    3.753028] Key type big_key registered
[    3.753807] Key type trusted registered
[    3.755811] Key type encrypted registered
[    3.756661] AppArmor: AppArmor sha1 policy hashing enabled
[    3.757818] ima: No TPM chip found, activating TPM-bypass! (rc=-19)
[    3.758999] ima: Allocated hash algorithm: sha1
[    3.759886] evm: HMAC attrs: 0x1
[    3.760904]   Magic number: 11:139:517
[    3.761732] rtc_cmos rtc_cmos: setting system clock to 2019-07-15 05:30:40 UTC (1563168640)
[    3.763445] BIOS EDD facility v0.16 2004-Jun-25, 0 devices found
[    3.764677] EDD information not available.
[    3.767681] Freeing unused kernel image memory: 2408K
[    3.788793] Write protecting the kernel read-only data: 20480k
[    4.660278] Freeing unused kernel image memory: 2008K
[    5.334987] Freeing unused kernel image memory: 1872K
[    6.342707] x86/mm: Checked W+X mappings: passed, no W+X pages found.
[    7.562595] x86/mm: Checking user space page tables
[    8.339667] x86/mm: Checked W+X mappings: passed, no W+X pages found.
Loading, please wait...
starting version 237
[    9.598040] e1000: Intel(R) PRO/1000 Network Driver - version 7.3.21-k8-NAPI
[    9.883156] e1000: Copyright (c) 1999-2006 Intel Corporation.
[    9.907673] Fusion MPT base driver 3.04.20
[    9.908665] Copyright (c) 1999-2008 LSI Corporation
[    9.915426] Fusion MPT SPI Host driver 3.04.20
[    9.918449] AVX2 version of gcm_enc/dec engaged.
[    9.919395] AES CTR mode by8 optimization enabled
[    9.930421] vboxvideo: loading out-of-tree module taints kernel.
[    9.931561] vboxvideo: module verification failed: signature and/or required key missing - tainting kernel
[   10.117120] input: ImExPS/2 Generic Explorer Mouse as /devices/platform/i8042/serio1/input/input4
[   10.378089] e1000 0000:00:03.0 eth0: (PCI:33MHz:32-bit) 02:14:02:97:50:96
[   10.603976] e1000 0000:00:03.0 eth0: Intel(R) PRO/1000 Network Connection
[   10.796595] mptbase: ioc0: Initiating bringup
[   11.333050] ioc0: LSI53C1030 A0: Capabilities={Initiator}
[   12.798868] scsi host2: ioc0: LSI53C1030 A0, FwRev=00000000h, Ports=1, MaxQ=256, IRQ=20
[   13.734230] scsi 2:0:0:0: Direct-Access     VBOX     HARDDISK         1.0  PQ: 0 ANSI: 5
[   13.735088] [drm] VRAM 01000000
[   14.024772] [TTM] Zone  kernel: Available graphics memory: 504454 kiB
[   14.024772] [TTM] Initializing pool allocator
[   14.024775] [TTM] Initializing DMA pool allocator
[   14.237819] fbcon: vboxdrmfb (fb0) is primary device
[   14.239201] Console: switching to colour frame buffer device 100x37
[   14.241968] vboxvideo 0000:00:02.0: fb0: vboxdrmfb frame buffer device
[   14.256605] [drm] Initialized vboxvideo 1.0.0 20130823 for 0000:00:02.0 on minor 0
[   14.268658] scsi target2:0:0: Beginning Domain Validation
[   14.437825] scsi target2:0:0: Domain Validation skipping write tests
[   14.438746] scsi target2:0:0: Ending Domain Validation
[   14.439563] scsi target2:0:0: asynchronous
[   14.440636] scsi 2:0:1:0: Direct-Access     VBOX     HARDDISK         1.0  PQ: 0 ANSI: 5
[   14.588130] scsi target2:0:1: Beginning Domain Validation
[   14.739743] random: fast init done
[   14.808303] e1000 0000:00:08.0 eth1: (PCI:33MHz:32-bit) 08:00:27:ae:9b:26
[   14.808307] e1000 0000:00:08.0 eth1: Intel(R) PRO/1000 Network Connection
[   15.196262] random: systemd-udevd: uninitialized urandom read (16 bytes read)
[   15.300972] random: systemd-udevd: uninitialized urandom read (16 bytes read)
[   15.302610] random: systemd-udevd: uninitialized urandom read (16 bytes read)
[   15.304445] scsi target2:0:1: Domain Validation skipping write tests
[   15.304893] e1000 0000:00:03.0 enp0s3: renamed from eth0
[   15.306888] scsi target2:0:1: Ending Domain Validation
[   15.312455] scsi target2:0:1: asynchronous
[   15.318501] sd 2:0:0:0: Attached scsi generic sg0 type 0
[   15.319804] sd 2:0:0:0: [sda] 20971520 512-byte logical blocks: (10.7 GB/10.0 GiB)
[   15.321757] sd 2:0:1:0: Attached scsi generic sg1 type 0
[   15.322891] sd 2:0:0:0: [sda] Write Protect is off
[   15.323897] sd 2:0:1:0: [sdb] 20480 512-byte logical blocks: (10.5 MB/10.0 MiB)
[   15.325381] e1000 0000:00:08.0 enp0s8: renamed from eth1
[   15.328445] sd 2:0:1:0: [sdb] Write Protect is off
[   15.329858] sd 2:0:0:0: [sda] Incomplete mode parameter data
[   15.331404] sd 2:0:0:0: [sda] Assuming drive cache: write through
[   15.332933] sd 2:0:1:0: [sdb] Incomplete mode parameter data
[   15.334057] sd 2:0:1:0: [sdb] Assuming drive cache: write through
[   15.337031]  sda: sda1
[   15.377959] sd 2:0:0:0: [sda] Attached SCSI disk
[   15.570377] sd 2:0:1:0: [sdb] Attached SCSI disk
Begin: Loading essential drivers ... [   15.904230] raid6: sse2x1   gen() 15031 MB/s
[   16.028224] raid6: sse2x1   xor() 10752 MB/s
[   16.156088] raid6: sse2x2   gen() 18275 MB/s
[   16.300557] raid6: sse2x2   xor() 12438 MB/s
[   16.412546] raid6: sse2x4   gen() 17866 MB/s
[   16.536231] raid6: sse2x4   xor() 13056 MB/s
[   16.656311] raid6: avx2x1   gen() 30084 MB/s
[   16.804176] raid6: avx2x1   xor() 20154 MB/s
[   16.952264] raid6: avx2x2   gen() 36843 MB/s
[   17.092138] raid6: avx2x2   xor() 22305 MB/s
[   17.248233] raid6: avx2x4   gen() 41512 MB/s
[   17.384278] raid6: avx2x4   xor() 23616 MB/s
[   17.449566] raid6: using algorithm avx2x4 gen() 41512 MB/s
[   17.450687] raid6: .... xor() 23616 MB/s, rmw enabled
[   17.451686] raid6: using avx2x2 recovery algorithm
[   17.454209] xor: automatically using best checksumming function   avx       
[   17.456894] async_tx: api initialized (async)
done.
Begin: Running /scripts/init-premount ... done.
Begin: Mounting root file system ... Begin: Running /scripts/local-top ... done.
Begin: Running /scripts/local-premount ... [   17.493591] Btrfs loaded, crc32c=crc32c-intel
Scanning for Btrfs filesystems
done.
Warning: fsck no[   17.672831] EXT4-fs (sda1): INFO: recovery required on readonly filesystem
t present, so sk[   17.844008] EXT4-fs (sda1): write access will be enabled during recovery
ipping root file system
[   18.082164] EXT4-fs (sda1): recovery complete
[   18.083326] EXT4-fs (sda1): mounted filesystem with ordered data mode. Opts: (null)
done.
Begin: Running /scripts/local-bottom ... done.
Begin: Running /scripts/init-bottom ... done.
[   18.229820] ip_tables: (C) 2000-2006 Netfilter Core Team
[   18.917110] systemd[1]: systemd 237 running in system mode. (+PAM +AUDIT +SELINUX +IMA +APPARMOR +SMACK +SYSVINIT +UTMP +LIBCRYPTSETUP +GCRYPT +GNUTLS +ACL +XZ +LZ4 +SECCOMP +BLKID +ELFUTILS +KMOD -IDN2 +IDN -PCRE2 default-hierarchy=hybrid)
[   18.921651] systemd[1]: Detected virtualization oracle.
[   18.922730] systemd[1]: Detected architecture x86-64.

Welcome to [1mUbuntu 18.04.2 LTS[0m!

[   19.134009] systemd[1]: Set hostname to <ubuntu-bionic>.
[   20.352521] systemd[1]: Created slice User and Session Slice.
[[0;32m  OK  [0m] Created slice User and Session Slice.
[   21.409097] systemd[1]: Set up automount Arbitrary Executable File Formats File System Automount Point.
[[0;32m  OK  [0m] Set up automount Arbitrary Executabâ€¦rmats File System Automount Point.
[   23.288909] systemd[1]: Created slice System Slice.
[[0;32m  OK  [0m] Created slice System Slice.
[   23.290786] systemd[1]: Reached target Slices.
[[0;32m  OK  [0m] Reached target Slices.
[   23.292703] systemd[1]: Listening on udev Control Socket.
[[0;32m  OK  [0m] Listening on udev Control Socket.
[   23.294781] systemd[1]: Listening on Network Service Netlink Socket.
[[0;32m  OK  [0m] Listening on Network Service Netlink Socket.
[[0;32m  OK  [0m] Listening on Journal Socket (/dev/log).
[[0;32m  OK  [0m] Listening on LVM2 metadata daemon socket.
[[0;32m  OK  [0m] Listening on udev Kernel Socket.
[[0;32m  OK  [0m] Listening on Journal Socket.
[   23.537668] random: crng init done
[   23.649300] random: 7 urandom warning(s) missed due to ratelimiting
         Mounting Huge Pages File System...
         Starting Remount[   23.836448] EXT4-fs (sda1): re-mounted. Opts: (null)
 Root and Kernel File Systems...
         Starting Set the console keyboard layout...
         Starting Load Kernel Modules...
[[0;32m  OK  [0m] Listening on LVM2 poll daemon socket.
[[0;32m  OK  [0m] Listening on Syslog Socket.
         Starting udev Coldplug all Devices...
         Starting Uncomplicated firewall...
         Mounting Kernel Debug File System...
         Mounting POSIX Message Queue File System...
[[0;32m  OK  [0m] Reached target User and Group Name Lookups.
[[0;32m  OK  [0m] Started Forward Password Requests to Wall Directory Watch.
         Starting Create list of required stâ€¦ce nodes for the current kernel...
[[0;32m  OK  [0m] Listening on Journal Audit Socket.
         Starting Journal Service...
[[0;32m  OK  [0m] Reached target Swap.
[[0;32m  OK  [0m] Created slice system-serial\x2dgetty.slice.
[   23.921661] systemd[1]: Listening on Device-mapper event daemon FIFOs.
[[0;32m  OK  [0m] Listening on Device-mapper event[   23.925658] Loading iSCSI transport class v2.0-870.
 daemon FIFOs.
[   24.156908] systemd[1]: Starting Monitoring of LVM2 mirrors, snapshots etc. using dmeventd or progress polling...
         [   24.405666] iscsi: registered transport (tcp)
Starting Monitoring of LVM2 mirrorsâ€¦ng dmeventd or progress polling...
[   24.553149] systemd[1]: Listening on /dev/initctl Compatibility Named Pipe.
[[0;32m  OK  [0m] Listening on /dev/initctl Compatibility Named Pipe.
[   24.556499] systemd[1]: Reached target System Time Synchronized.
[[0;32m  OK  [0[   24.715643] iscsi: registered transport (iser)
m] Reached target System Time Synchronized.
[   24.841117] systemd[1]: Started Journal Service.
[[0;32m  OK  [0m] Started Journal Service.
[[0;32m  OK  [0m] Mounted Huge Pages File System.
[[0;32m  OK  [0m] Started Remount Root and Kernel File Systems.
[[0;32m  OK  [0m] Started Set the console keyboard layout.
[[0;32m  OK  [0m] Started Load Kernel Modules.
[[0;32m  OK  [0m] Started Uncomplicated firewall.
[[0;32m  OK  [0m] Mounted Kernel Debug File System.
[[0;32m  OK  [0m] Mounted POSIX Message Queue File System.
[[0;32m  OK  [0m] Started Create list of required staâ€¦vice nodes for the current kernel.
[[0;32m  OK  [0m] Started LVM2 metadata daemon.
         Starting Create Static Device Nodes in /dev...
         Mounting Kernel Configuration File System...
         Mounting FUSE Control File System...
         Starting Apply Kernel Variables...
         Starting Load/Save Random Seed...
         Starting Flush Journal to Persistent Storage...
[[0;32m  OK  [0m] Started Monitoring of LVM2 mirrors,â€¦sing dmeventd or progress polling.
[[0;32m  OK  [0m] Started udev Coldplug all Devices.
[[0;32m  OK  [0m] Started Create Static Device Nodes in /dev.
[[0;32m  OK  [0m] Mounted Kernel Configuration File System.
[[0;32m  OK  [0m] Mounted FUSE Control File System.
[[0;32m  OK  [0m] Started Apply Kernel Variables.
[[0;32m  OK  [0m] Started Load/Save Random Seed.
         Starting udev Kernel Device Manager...
[[0;32m  OK  [0m] Reached target Local File Systems (Pre).
[[0;32m  OK  [0m] Reached target Local File Systems.
         Starting Tell Plymouth To Write Out Runtime Data...
         Starting ebtables ruleset management...
         Starting Set console font and keymap...
         Starting AppArmor initialization...
[[0;32m  OK  [0m] Started udev Kernel Device Manager.
[[0;32m  OK  [0m] Started Tell Plymouth To Write Out Runtime Data.
[[0;32m  OK  [0m] Started Set console font and keymap.
[[0;32m  OK  [0m] Found device /dev/ttyS0.
[[0;32m  OK  [0m] Started ebtables ruleset management.
[[0;32m  OK  [0m] Listening on Load/Save RF Kill Switch Status /dev/rfkill Watch.
[[0;32m  OK  [0m] Started Dispatch Password Requests to Console Directory Watch.
[[0;32m  OK  [0m] Reached target Local Encrypted Volumes.
[[0;32m  OK  [0m] Started Flush Journal to Persistent Storage.
         Starting Create Volatile Files and Directories...
[[0;32m  OK  [0m] Started Create Volatile Files and Directories.
[[0;32m  OK  [0m] Started AppArmor initialization.
         Starting Update UTMP about System Boot/Shutdown...
         Starting Initial cloud-init job (pre-networking)...
[[0;32m  OK  [0m] Started Update UTMP about System Boot/Shutdown.
[   26.819857] cloud-init[615]: Cloud-init v. 19.1-1-gbaa47854-0ubuntu1~18.04.1 running 'init-local' at Mon, 15 Jul 2019 05:31:03 +0000. Up 26.64 seconds.
[[0;32m  OK  [0m] Started Initial cloud-init job (pre-networking).
[[0;32m  OK  [0m] Reached target Network (Pre).
         Starting Network Service...
[[0;32m  OK  [0m] Started Network Service.
         Starting Network Name Resolution...
         Starting Wait for Network to be Configured...
[[0;32m  OK  [0m] Started Network Name Resolution.
[[0;32m  OK  [0m] Reached target Network.
[[0;32m  OK  [0m] Reached target Host and Network Name Lookups.
[[0;32m  OK  [0m] Started Wait for Network to be Configured.
         Starting Initial cloud-init job (metadata service crawler)...
[   28.576831] cloud-init[724]: Cloud-init v. 19.1-1-gbaa47854-0ubuntu1~18.04.1 running 'init' at Mon, 15 Jul 2019 05:31:05 +0000. Up 28.47 seconds.
[   28.655973] cloud-init[724]: ci-info: ++++++++++++++++++++++++++++++++++++++Net device info+++++++++++++++++++++++++++++++++++++++
[   28.668301] cloud-init[724]: ci-info: +--------+------+-----------------------------+---------------+--------+-------------------+
[[0;32m  OK  [0m] Started Initial cloud-init job (metadata service crawler).
[   28.770618] [cloud-init[0;32m  OK  [0m[724]: ] ci-info: | Device |  Up  |           Address           |      Mask     | Scope  |     Hw-Address    |Reached target System Initialization.

[   28.941434] [cloud-init[0;32m  OK  [0m[724]: ] ci-info: +--------+------+-----------------------------+---------------+--------+-------------------+Started Daily apt download activities.

[   29.036819]          cloud-initStarting LXD - unix socket.
[724]: ci-info: | enp0s3 | True |          10.0.2.15          | 255.255.255.0 | global | 02:14:02:97:50:96 |
[[0;32m  OK  [0m] Started Message of the Day.
[   29.144588] cloud-init[724]: ci-info: | enp0s3 | True |  fe80::14:2ff:fe97:5096/64  |       .       |  link  | 02:14:02:97:50:96 |
[   29.241524] [cloud-init[0;32m  OK  [0m[724]: ] ci-info: | enp0s8 | True |        192.168.33.10        | 255.255.255.0 | global | 08:00:27:ae:9b:26 |Listening on D-Bus System Message Bus Socket.

[[0;32m  OK  [0m] Started Daily Cleanup of Temporary Directories.
[   29.316158] [[0;32m  OK  [0m] Listening on ACPID Listen Socket.
[[0;32m  OK  [0m] Listening on Open-iSCSI iscsid Socket.
[[0;32m  OK  [0m] Started Daily apt upgrade and clean activities.
[[0;32m  OK  [0m] Started Discard unused blocks once a week.
[[0;32m  OK  [0m] Reached target Timers.
[[0;32m  OK  [0m] Started ACPI Events Check.
[[0;32m  OK  [0m] Reached target Paths.
         Starting Socket activation for snappy daemon.
[[0;32m  OK  [0m] Listening on UUID daemon activation socket.
[[0;32m  OK  [0m] Reached target Cloud-config availability.
[[0;32m  OK  [0m] Reached target Network is Online.
         Starting Availability of block devices...
[[0;32m  OK  [0m] Reached target Remote File Systems (Pre).
[[0;32m  OK  [0m] Reached target Remote File Systems.
[[0;32m  OK  [0m] Listening on LXD - unix socket.
[[0;32m  OK  [0m] Listening on Socket activation for snappy daemon.
[[0;32m  OK  [0m] Reached target Sockets.
[[0;32m  OK  [0m] Reached target Basic System.
cloud-init[724]: ci-info: | enp0s8 | True | fe80::a00:27ff:feae:9b26/64 |       .       |  link  | 08:00:27:ae:9b:26 |
[   29.329219] cloud-init[724]: ci-info: |   lo   | True |          127.0.0.1          |   255.0.0.0   |  host  |         .         |
[   29.329262] cloud-init[724]: ci-info: |   lo   | True |           ::1/128           |       .       |  host  |         .         |
[   29.329324] cloud-init[724]: ci-info: +--------+------+-----------------------------+---------------+--------+-------------------+
[   29.329361] cloud-init[724]: ci-info: +++++++++++++++++++++++++++++Route IPv4 info+++++++++++++++++++++++++++++
[   29.329396] cloud-init[724]: ci-info: +-------+--------------+----------+-----------------+-----------+-------+
[   29.329434] cloud-init[724]: ci-info: | Route | Destination  | Gateway  |     Genmask     | Interface | Flags |
[   29.329468] cloud-init[724]: ci-info: +-------+--------------+----------+-----------------+-----------+-------+
[   29.329501] cloud-init[724]: ci-info: |   0   |   0.0.0.0    | 10.0.2.2 |     0.0.0.0     |   enp0s3  |   UG  |
[   29.329535] cloud-init[724]: ci-info: |   1   |   10.0.2.0   | 0.0.0.0  |  255.255.255.0  |   enp0s3  |   U   |
[   29.329569] cloud-init[724]: ci-info: |   2   |   10.0.2.2   | 0.0.0.0  | 255.255.255.255 |   enp0s3  |   UH  |
[   29.329601] cloud-init[724]: ci-info: |   3   | 192.168.33.0 | 0.0.0.0  |  255.255.255.0  |   enp0s8  |   U   |
[   29.329631] cloud-init[724]: ci-info: +-------+--------------+----------+-----------------+-----------+-------+
[   29.329662] cloud-init[724]: ci-info: +++++++++++++++++++Route IPv6 info+++++++++++++++++++
[   29.329933] cloud-init[724]: ci-info: +-------+-------------+---------+-----------+-------+
[   29.329977] cloud-init[724]: ci-info: | Route | Destination | Gateway | Interface | Flags |
[   29.330012] cloud-init[724]: ci-info: +-------+-------------+---------+-----------+-------+
[   29.330042] cloud-init[724]: ci-info: |   1   |  fe80::/64  |    ::   |   enp0s8  |   U   |
[   29.330071] cloud-init[724]: ci-info: |   2   |  fe80::/64  |    ::   |   enp0s3  |   U   |
[   29.330104] cloud-init[724]: ci-info: |   4   |    local    |    ::   |   enp0s3  |   U   |
[   29.330137] cloud-init[724]: ci-info: |   5   |    local    |    ::   |   enp0s8  |   U   |
[   29.330174] cloud-init[724]: ci-info: |   6   |   ff00::/8  |    ::   |   enp0s8  |   U   |
[   29.330205] cloud-init[724]: ci-info: |   7   |   ff00::/8  |    ::   |   enp0s3  |   U   |
[   29.330240] cloud-init[724]: ci-info: +-------+-------------+---------+-----------+-------+
         Starting Login Service...
         Starting Dispatcher daemon for systemd-networkd...
         Starting vboxadd.service...
         Starting LSB: automatic crash report generation...
[[0;32m  OK  [0m] Started D-Bus System Message Bus.
         Starting Permit User Sessions...
[[0;32m  OK  [0m] Started FUSE filesystem for LXC.
         Starting Accounts Service...
         Starting LSB: Record successful boot for GRUB...
[[0;32m  OK  [0m] Started Regular background program processing daemon.
         Starting OpenBSD Secure Shell server...
[[0;32m  OK  [0m] Started irqbalance daemon.
         Starting System Logging Service...
         Starting Snappy daemon...
[[0;32m  OK  [0m] Started Deferred execution scheduler.
         Starting LXD - container startup/shutdown...
[[0;32m  OK  [0m] Started Dispatcher daemon for systemd-networkd.
[[0;32m  OK  [0m] Started System Logging Service.
[[0;32m  OK  [0m] Started Availability of block devices.
[[0;32m  OK  [0m] Started vboxadd.service.
[[0;32m  OK  [0m] Started Permit User Sessions.
[[0;32m  OK  [0m] Started Login Service.
[[0;32m  OK  [0m] Started OpenBSD Secure Shell server.
[[0;32m  OK  [0m] Started LXD - container startup/shutdown.
[[0;32m  OK  [0m] Started LSB: automatic crash report generation.
[[0;32m  OK  [0m] Started Snappy daemon.
[[0;32m  OK  [0m] Started LSB: Record successful boot for GRUB.
         Starting Wait until snapd is fully seeded...
         Starting Authorization Manager...
[[0;32m  OK  [0m] Started Unattended Upgrades Shutdown.
         Starting Hold until boot process finishes up...
         Starting Terminate Plymouth Boot Screen...
         Starting vboxadd-service.service...
[[0;32m  OK  [0m] Started Wait until snapd is fully seeded.
[[0;32m  OK  [0m] Started Hold until boot process finishes up.
[[0;32m  OK  [0m] Started Authorization Manager.
[[0;32m  OK  [0m] Started Accounts Service.
         Starting Set console scheme...
[[0;32m  OK  [0m] Started Serial Getty on ttyS0.
         Starting Apply the settings specified in cloud-config...
[[0;32m  OK  [0m] Started Terminate Plymouth Boot Screen.
[[0;32m  OK  [0m] Started vboxadd-service.service.
[[0;32m  OK  [0m] Started Set console scheme.
[[0;32m  OK  [0m] Created slice system-getty.slice.
[[0;32m  OK  [0m] Started Getty on tty1.
[[0;32m  OK  [0m] Reached target Login Prompts.
[[0;32m  OK  [0m] Reached target Multi-User System.
[[0;32m  OK  [0m] Reached target Graphical Interface.
         Starting Update UTMP about System Runlevel Changes...
[   31.455251] cloud-init[1258]: Cloud-init v. 19.1-1-gbaa47854-0ubuntu1~18.04.1 running 'modules:config' at Mon, 15 Jul 2019 05:31:08 +0000. Up 31.38 seconds.
[[0;32m  OK  [0m] Started Update UTMP about System Runlevel Changes.
[[0;32m  OK  [0m] Started Apply the settings specified in cloud-config.
         Starting Execute cloud user/final scripts...
[   31.816213] cloud-init[1334]: Cloud-init v. 19.1-1-gbaa47854-0ubuntu1~18.04.1 running 'modules:final' at Mon, 15 Jul 2019 05:31:08 +0000. Up 31.74 seconds.
[[0;32m  OK  [0m] Started Execute cloud user/final scripts.
[   31.886728] [cloud-init[0;32m  OK  [0m[1334]: ] Cloud-init v. 19.1-1-gbaa47854-0ubuntu1~18.04.1 finished at Mon, 15 Jul 2019 05:31:08 +0000. Datasource DataSourceNoCloud [seed=/dev/sdb][dsmode=net].  Up 31.81 secondsReached target Cloud-init target.


Ubuntu 18.04.2 LTS ubuntu-bionic ttyS0

ubuntu-bionic login: 